###############################################################################
#
# IAR ELF Linker V9.32.2.340/W64 for ARM                  09/Aug/2023  10:12:48
# Copyright 2007-2023 IAR Systems AB.
#
#    Output file  =
#        C:\Users\PC\Desktop\last ADS\last ads\EWARM\ADS\Exe\ADS.out
#    Map file     =
#        C:\Users\PC\Desktop\last ADS\last ads\EWARM\ADS\List\ADS.map
#    Command line =
#        -f "C:\Users\PC\Desktop\last ADS\last ads\EWARM\ADS\Exe\ADS.out.rsp"
#        ("C:\Users\PC\Desktop\last ADS\last
#        ads\EWARM\ADS\Obj\Application\User\Core\ads\ads1256.o"
#        "C:\Users\PC\Desktop\last ADS\last
#        ads\EWARM\ADS\Obj\Application\User\Core\ads\dwt_delay.o"
#        "C:\Users\PC\Desktop\last ADS\last
#        ads\EWARM\ADS\Obj\Application\User\Core\main.o"
#        "C:\Users\PC\Desktop\last ADS\last
#        ads\EWARM\ADS\Obj\Application\EWARM\startup_stm32f407xx.o"
#        "C:\Users\PC\Desktop\last ADS\last
#        ads\EWARM\ADS\Obj\Drivers\STM32F4xx_HAL_Driver\stm32f4xx_hal.o"
#        "C:\Users\PC\Desktop\last ADS\last
#        ads\EWARM\ADS\Obj\Drivers\STM32F4xx_HAL_Driver\stm32f4xx_hal_cortex.o"
#        "C:\Users\PC\Desktop\last ADS\last
#        ads\EWARM\ADS\Obj\Drivers\STM32F4xx_HAL_Driver\stm32f4xx_hal_dma.o"
#        "C:\Users\PC\Desktop\last ADS\last
#        ads\EWARM\ADS\Obj\Drivers\STM32F4xx_HAL_Driver\stm32f4xx_hal_dma_ex.o"
#        "C:\Users\PC\Desktop\last ADS\last
#        ads\EWARM\ADS\Obj\Drivers\STM32F4xx_HAL_Driver\stm32f4xx_hal_exti.o"
#        "C:\Users\PC\Desktop\last ADS\last
#        ads\EWARM\ADS\Obj\Drivers\STM32F4xx_HAL_Driver\stm32f4xx_hal_flash.o"
#        "C:\Users\PC\Desktop\last ADS\last
#        ads\EWARM\ADS\Obj\Drivers\STM32F4xx_HAL_Driver\stm32f4xx_hal_flash_ex.o"
#        "C:\Users\PC\Desktop\last ADS\last
#        ads\EWARM\ADS\Obj\Drivers\STM32F4xx_HAL_Driver\stm32f4xx_hal_flash_ramfunc.o"
#        "C:\Users\PC\Desktop\last ADS\last
#        ads\EWARM\ADS\Obj\Drivers\STM32F4xx_HAL_Driver\stm32f4xx_hal_gpio.o"
#        "C:\Users\PC\Desktop\last ADS\last
#        ads\EWARM\ADS\Obj\Application\User\Core\stm32f4xx_hal_msp.o"
#        "C:\Users\PC\Desktop\last ADS\last
#        ads\EWARM\ADS\Obj\Drivers\STM32F4xx_HAL_Driver\stm32f4xx_hal_pwr.o"
#        "C:\Users\PC\Desktop\last ADS\last
#        ads\EWARM\ADS\Obj\Drivers\STM32F4xx_HAL_Driver\stm32f4xx_hal_pwr_ex.o"
#        "C:\Users\PC\Desktop\last ADS\last
#        ads\EWARM\ADS\Obj\Drivers\STM32F4xx_HAL_Driver\stm32f4xx_hal_rcc.o"
#        "C:\Users\PC\Desktop\last ADS\last
#        ads\EWARM\ADS\Obj\Drivers\STM32F4xx_HAL_Driver\stm32f4xx_hal_rcc_ex.o"
#        "C:\Users\PC\Desktop\last ADS\last
#        ads\EWARM\ADS\Obj\Drivers\STM32F4xx_HAL_Driver\stm32f4xx_hal_spi.o"
#        "C:\Users\PC\Desktop\last ADS\last
#        ads\EWARM\ADS\Obj\Drivers\STM32F4xx_HAL_Driver\stm32f4xx_hal_tim.o"
#        "C:\Users\PC\Desktop\last ADS\last
#        ads\EWARM\ADS\Obj\Drivers\STM32F4xx_HAL_Driver\stm32f4xx_hal_tim_ex.o"
#        "C:\Users\PC\Desktop\last ADS\last
#        ads\EWARM\ADS\Obj\Drivers\STM32F4xx_HAL_Driver\stm32f4xx_hal_uart.o"
#        "C:\Users\PC\Desktop\last ADS\last
#        ads\EWARM\ADS\Obj\Application\User\Core\stm32f4xx_it.o"
#        "C:\Users\PC\Desktop\last ADS\last
#        ads\EWARM\ADS\Obj\Drivers\CMSIS\system_stm32f4xx.o" --no_out_extension
#        -o "C:\Users\PC\Desktop\last ADS\last ads\EWARM\ADS\Exe\ADS.out"
#        --redirect _Printf=_PrintfFullNoMb --redirect _Scanf=_ScanfFullNoMb
#        --map "C:\Users\PC\Desktop\last ADS\last ads\EWARM\ADS\List\ADS.map"
#        --config "C:\Users\PC\Desktop\last ADS\last
#        ads\EWARM/stm32f407xx_flash.icf" --semihosting --entry
#        __iar_program_start --vfe --text_out locale --cpu=Cortex-M4
#        --fpu=VFPv4_sp)
#
###############################################################################

*******************************************************************************
*** RUNTIME MODEL ATTRIBUTES
***

CppFlavor       = *
__CPP_Runtime   = 1
__SystemLibrary = DLib
__dlib_version  = 6


*******************************************************************************
*** HEAP SELECTION
***

The basic heap was selected because --advanced_heap
was not specified and the application did not appear to
be primarily optimized for speed.


*******************************************************************************
*** PLACEMENT SUMMARY
***

"A0":  place at address 0x800'0000 { ro section .intvec };
"P1":  place in [from 0x800'0000 to 0x80f'ffff] { ro };
define block CSTACK with size = 1K, alignment = 8 { };
define block HEAP with size = 512, alignment = 8 { };
"P2":  place in [from 0x2000'0000 to 0x2001'ffff] {
          rw, block CSTACK, block HEAP };
initialize by copy { rw };

  Section            Kind         Address      Size  Object
  -------            ----         -------      ----  ------
"A0":                                         0x188
  .intvec            ro code   0x800'0000     0x188  startup_stm32f407xx.o [1]
                             - 0x800'0188     0x188

"P1":                                        0x1f06
  .text              ro code   0x800'0188     0x6c0  stm32f4xx_hal_spi.o [5]
  .text              ro code   0x800'0848      0xf4  stm32f4xx_hal_msp.o [2]
  .text              ro code   0x800'093c       0xc  stm32f4xx_hal.o [5]
  .text              ro code   0x800'0948     0x218  stm32f4xx_hal_gpio.o [5]
  .text              ro code   0x800'0b60      0x14  memset.o [8]
  .text              ro code   0x800'0b74      0x66  ABImemset.o [8]
  .text              ro code   0x800'0bda      0x7e  lz77_init_single.o [8]
  .text              ro code   0x800'0c58     0x320  stm32f4xx_hal_rcc.o [5]
  .text              ro code   0x800'0f78     0x20a  main.o [2]
  .text              ro code   0x800'1184      0x34  stm32f4xx_hal.o [5]
  .text              ro code   0x800'11b8     0x144  stm32f4xx_hal_uart.o [5]
  .text              ro code   0x800'12fc      0x50  dwt_delay.o [3]
  .text              ro code   0x800'134c     0x1f8  ads1256.o [3]
  .text              ro code   0x800'1544     0x14c  stm32f4xx_hal_rcc.o [5]
  .text              ro code   0x800'1690      0xa8  stm32f4xx_hal_cortex.o [5]
  .text              ro code   0x800'1738      0x40  stm32f4xx_hal.o [5]
  .text              ro code   0x800'1778     0x106  I64DivMod_small.o [8]
  .text              ro code   0x800'187e       0xa  clock.o [9]
  .text              ro code   0x800'1888      0x60  stm32f4xx_hal_rcc.o [5]
  .text              ro code   0x800'18e8       0x2  I64DivZer.o [8]
  .text              ro code   0x800'18ec      0x28  data_init.o [8]
  .text              ro code   0x800'1914      0x22  fpinit_M.o [7]
  .iar.init_table    const     0x800'1938      0x10  - Linker created -
  .text              ro code   0x800'1948      0x20  system_stm32f4xx.o [4]
  .text              ro code   0x800'1968      0x1e  cmain.o [8]
  .text              ro code   0x800'1986       0x4  low_level_init.o [6]
  .text              ro code   0x800'198a       0x4  exit.o [6]
  .text              ro code   0x800'1990       0xa  cexit.o [8]
  .text              ro code   0x800'199c      0x14  exit.o [9]
  .text              ro code   0x800'19b0      0x1c  cstartup_M.o [8]
  .text              ro code   0x800'19cc      0x14  stm32f4xx_it.o [2]
  .text              ro code   0x800'19e0      0x10  stm32f4xx_hal.o [5]
  .text              ro code   0x800'19f0      0x10  startup_stm32f407xx.o [1]
  .rodata            const     0x800'1a00       0x8  system_stm32f4xx.o [4]
  .text              ro code   0x800'1a08       0x4  startup_stm32f407xx.o [1]
  .text              ro code   0x800'1a0c       0x4  startup_stm32f407xx.o [1]
  .text              ro code   0x800'1a10       0x4  startup_stm32f407xx.o [1]
  .text              ro code   0x800'1a14       0x4  startup_stm32f407xx.o [1]
  .text              ro code   0x800'1a18       0x4  startup_stm32f407xx.o [1]
  .text              ro code   0x800'1a1c       0x4  startup_stm32f407xx.o [1]
  .text              ro code   0x800'1a20       0x4  startup_stm32f407xx.o [1]
  .text              ro code   0x800'1a24       0x4  startup_stm32f407xx.o [1]
  .text              ro code   0x800'1a28       0x4  startup_stm32f407xx.o [1]
  .text              ro code   0x800'1a2c       0x4  startup_stm32f407xx.o [1]
  .text              ro code   0x800'1a30       0x4  startup_stm32f407xx.o [1]
  .text              ro code   0x800'1a34       0x4  startup_stm32f407xx.o [1]
  .text              ro code   0x800'1a38       0x4  startup_stm32f407xx.o [1]
  .text              ro code   0x800'1a3c       0x4  startup_stm32f407xx.o [1]
  .text              ro code   0x800'1a40       0x4  startup_stm32f407xx.o [1]
  .text              ro code   0x800'1a44       0x4  startup_stm32f407xx.o [1]
  .text              ro code   0x800'1a48       0x4  startup_stm32f407xx.o [1]
  .text              ro code   0x800'1a4c       0x4  startup_stm32f407xx.o [1]
  .text              ro code   0x800'1a50       0x4  startup_stm32f407xx.o [1]
  .text              ro code   0x800'1a54       0x4  startup_stm32f407xx.o [1]
  .text              ro code   0x800'1a58       0x4  startup_stm32f407xx.o [1]
  .text              ro code   0x800'1a5c       0x4  startup_stm32f407xx.o [1]
  .text              ro code   0x800'1a60       0x4  startup_stm32f407xx.o [1]
  .text              ro code   0x800'1a64       0x4  startup_stm32f407xx.o [1]
  .text              ro code   0x800'1a68       0x4  startup_stm32f407xx.o [1]
  .text              ro code   0x800'1a6c       0x4  startup_stm32f407xx.o [1]
  .text              ro code   0x800'1a70       0x4  startup_stm32f407xx.o [1]
  .text              ro code   0x800'1a74       0x4  startup_stm32f407xx.o [1]
  .text              ro code   0x800'1a78       0x4  startup_stm32f407xx.o [1]
  .text              ro code   0x800'1a7c       0x4  startup_stm32f407xx.o [1]
  .text              ro code   0x800'1a80       0x4  startup_stm32f407xx.o [1]
  .text              ro code   0x800'1a84       0x4  startup_stm32f407xx.o [1]
  .text              ro code   0x800'1a88       0x4  startup_stm32f407xx.o [1]
  .text              ro code   0x800'1a8c       0x4  startup_stm32f407xx.o [1]
  .text              ro code   0x800'1a90       0x4  startup_stm32f407xx.o [1]
  .text              ro code   0x800'1a94       0x4  startup_stm32f407xx.o [1]
  .text              ro code   0x800'1a98       0x4  startup_stm32f407xx.o [1]
  .text              ro code   0x800'1a9c       0x4  startup_stm32f407xx.o [1]
  .text              ro code   0x800'1aa0       0x4  startup_stm32f407xx.o [1]
  .text              ro code   0x800'1aa4       0x4  startup_stm32f407xx.o [1]
  .text              ro code   0x800'1aa8       0x4  startup_stm32f407xx.o [1]
  .text              ro code   0x800'1aac       0x4  startup_stm32f407xx.o [1]
  .text              ro code   0x800'1ab0       0x4  startup_stm32f407xx.o [1]
  .text              ro code   0x800'1ab4       0x4  startup_stm32f407xx.o [1]
  .text              ro code   0x800'1ab8       0x4  startup_stm32f407xx.o [1]
  .text              ro code   0x800'1abc       0x4  startup_stm32f407xx.o [1]
  .text              ro code   0x800'1ac0       0x4  startup_stm32f407xx.o [1]
  .text              ro code   0x800'1ac4       0x4  startup_stm32f407xx.o [1]
  .text              ro code   0x800'1ac8       0x4  startup_stm32f407xx.o [1]
  .text              ro code   0x800'1acc       0x4  startup_stm32f407xx.o [1]
  .text              ro code   0x800'1ad0       0x4  startup_stm32f407xx.o [1]
  .text              ro code   0x800'1ad4       0x4  startup_stm32f407xx.o [1]
  .text              ro code   0x800'1ad8       0x4  startup_stm32f407xx.o [1]
  .text              ro code   0x800'1adc       0x4  startup_stm32f407xx.o [1]
  .text              ro code   0x800'1ae0       0x4  startup_stm32f407xx.o [1]
  .text              ro code   0x800'1ae4       0x4  startup_stm32f407xx.o [1]
  .text              ro code   0x800'1ae8       0x4  startup_stm32f407xx.o [1]
  .text              ro code   0x800'1aec       0x4  startup_stm32f407xx.o [1]
  .text              ro code   0x800'1af0       0x4  startup_stm32f407xx.o [1]
  .text              ro code   0x800'1af4       0x4  startup_stm32f407xx.o [1]
  .text              ro code   0x800'1af8       0x4  startup_stm32f407xx.o [1]
  .text              ro code   0x800'1afc       0x4  startup_stm32f407xx.o [1]
  .text              ro code   0x800'1b00       0x4  startup_stm32f407xx.o [1]
  .text              ro code   0x800'1b04       0x4  startup_stm32f407xx.o [1]
  .text              ro code   0x800'1b08       0x4  startup_stm32f407xx.o [1]
  .text              ro code   0x800'1b0c       0x4  startup_stm32f407xx.o [1]
  .text              ro code   0x800'1b10       0x4  startup_stm32f407xx.o [1]
  .text              ro code   0x800'1b14       0x4  startup_stm32f407xx.o [1]
  .text              ro code   0x800'1b18       0x4  startup_stm32f407xx.o [1]
  .text              ro code   0x800'1b1c       0x4  startup_stm32f407xx.o [1]
  .text              ro code   0x800'1b20       0x4  startup_stm32f407xx.o [1]
  .text              ro code   0x800'1b24       0x4  startup_stm32f407xx.o [1]
  .text              ro code   0x800'1b28       0x4  startup_stm32f407xx.o [1]
  .text              ro code   0x800'1b2c       0x4  startup_stm32f407xx.o [1]
  .text              ro code   0x800'1b30       0x4  startup_stm32f407xx.o [1]
  .text              ro code   0x800'1b34       0x4  startup_stm32f407xx.o [1]
  .text              ro code   0x800'1b38       0x4  startup_stm32f407xx.o [1]
  .text              ro code   0x800'1b3c       0x4  startup_stm32f407xx.o [1]
  .text              ro code   0x800'1b40       0x4  startup_stm32f407xx.o [1]
  .text              ro code   0x800'1b44       0x4  startup_stm32f407xx.o [1]
  .text              ro code   0x800'1b48       0x4  startup_stm32f407xx.o [1]
  .rodata            const     0x800'1b4c       0x0  lz77_init_single.o [8]
  Initializer bytes  const     0x800'1b4c     0x542  <for P2-1>
                             - 0x800'208e    0x1f06

"P2", part 1 of 2:                         0x1'd594
  P2-1                        0x2000'0000  0x1'd594  <Init block>
    .data            inited   0x2000'0000  0x1'd584  main.o [2]
    .data            inited   0x2001'd584       0xc  stm32f4xx_hal.o [5]
    .data            inited   0x2001'd590       0x4  system_stm32f4xx.o [4]
                            - 0x2001'd594  0x1'd594

"P2", part 2 of 2:                            0x400
  CSTACK                      0x2001'd598     0x400  <Block>
    CSTACK           uninit   0x2001'd598     0x400  <Block tail>
                            - 0x2001'd998     0x400

Unused ranges:

         From           To      Size
         ----           --      ----
   0x800'208e   0x80f'ffff  0xf'df72
  0x2001'd594  0x2001'd597       0x4
  0x2001'd998  0x2001'ffff    0x2668


*******************************************************************************
*** INIT TABLE
***

          Address      Size
          -------      ----
Copy/lz77 (__iar_lz77_init_single3)
    1 source range, total size 0x542 (1% of destination):
           0x800'1b4c     0x542
    1 destination range, total size 0x1'd594:
          0x2000'0000  0x1'd594



*******************************************************************************
*** MODULE SUMMARY
***

    Module                  ro code  ro data  rw data
    ------                  -------  -------  -------
command line/config:
    -------------------------------------------------
    Total:

C:\Users\PC\Desktop\last ADS\last ads\EWARM\ADS\Obj\Application\EWARM: [1]
    startup_stm32f407xx.o       732
    -------------------------------------------------
    Total:                      732

C:\Users\PC\Desktop\last ADS\last ads\EWARM\ADS\Obj\Application\User\Core: [2]
    main.o                      522    1'345  120'196
    stm32f4xx_hal_msp.o         244
    stm32f4xx_it.o               20
    -------------------------------------------------
    Total:                      786    1'345  120'196

C:\Users\PC\Desktop\last ADS\last ads\EWARM\ADS\Obj\Application\User\Core\ads: [3]
    ads1256.o                   504
    dwt_delay.o                  80
    -------------------------------------------------
    Total:                      584

C:\Users\PC\Desktop\last ADS\last ads\EWARM\ADS\Obj\Drivers\CMSIS: [4]
    system_stm32f4xx.o           32        9        4
    -------------------------------------------------
    Total:                       32        9        4

C:\Users\PC\Desktop\last ADS\last ads\EWARM\ADS\Obj\Drivers\STM32F4xx_HAL_Driver: [5]
    stm32f4xx_hal.o             144                12
    stm32f4xx_hal_cortex.o      168
    stm32f4xx_hal_gpio.o        536
    stm32f4xx_hal_rcc.o       1'228
    stm32f4xx_hal_spi.o       1'728
    stm32f4xx_hal_uart.o        324
    -------------------------------------------------
    Total:                    4'128                12

dl7M_tlf.a: [6]
    exit.o                        4
    low_level_init.o              4
    -------------------------------------------------
    Total:                        8

m7M_tls.a: [7]
    fpinit_M.o                   34
    -------------------------------------------------
    Total:                       34

rt7M_tl.a: [8]
    ABImemset.o                 102
    I64DivMod_small.o           262
    I64DivZer.o                   2
    cexit.o                      10
    cmain.o                      30
    cstartup_M.o                 28
    data_init.o                  40
    lz77_init_single.o          126
    memset.o                     20
    -------------------------------------------------
    Total:                      620

shb_l.a: [9]
    clock.o                      10
    exit.o                       20
    -------------------------------------------------
    Total:                       30

    Gaps                          8        2
    Linker created                        16    1'024
-----------------------------------------------------
    Grand Total:              6'962    1'372  121'236


*******************************************************************************
*** ENTRY LIST
***

Entry                       Address      Size  Type      Object
-----                       -------      ----  ----      ------
.iar.init_table$$Base    0x800'1938             --   Gb  - Linker created -
.iar.init_table$$Limit   0x800'1948             --   Gb  - Linker created -
?main                    0x800'1969            Code  Gb  cmain.o [8]
ADC_IRQHandler           0x800'1a51            Code  Wk  startup_stm32f407xx.o [1]
AHBPrescTable            0x800'1958      0x10  Data  Gb  system_stm32f4xx.o [4]
APBPrescTable            0x800'1a00       0x8  Data  Gb  system_stm32f4xx.o [4]
BusFault_Handler         0x800'19d3       0x2  Code  Gb  stm32f4xx_it.o [2]
CAN1_RX0_IRQHandler      0x800'1a59            Code  Wk  startup_stm32f407xx.o [1]
CAN1_RX1_IRQHandler      0x800'1a5d            Code  Wk  startup_stm32f407xx.o [1]
CAN1_SCE_IRQHandler      0x800'1a61            Code  Wk  startup_stm32f407xx.o [1]
CAN1_TX_IRQHandler       0x800'1a55            Code  Wk  startup_stm32f407xx.o [1]
CAN2_RX0_IRQHandler      0x800'1b09            Code  Wk  startup_stm32f407xx.o [1]
CAN2_RX1_IRQHandler      0x800'1b0d            Code  Wk  startup_stm32f407xx.o [1]
CAN2_SCE_IRQHandler      0x800'1b11            Code  Wk  startup_stm32f407xx.o [1]
CAN2_TX_IRQHandler       0x800'1b05            Code  Wk  startup_stm32f407xx.o [1]
CSTACK$$Base            0x2001'd598             --   Gb  - Linker created -
CSTACK$$Limit           0x2001'd998             --   Gb  - Linker created -
CS_0                     0x800'1353       0x6  Code  Gb  ads1256.o [3]
CS_1                     0x800'134d       0x6  Code  Gb  ads1256.o [3]
DCMI_IRQHandler          0x800'1b41            Code  Wk  startup_stm32f407xx.o [1]
DMA1_Stream0_IRQHandler
                         0x800'1a35            Code  Wk  startup_stm32f407xx.o [1]
DMA1_Stream1_IRQHandler
                         0x800'1a39            Code  Wk  startup_stm32f407xx.o [1]
DMA1_Stream2_IRQHandler
                         0x800'1a3d            Code  Wk  startup_stm32f407xx.o [1]
DMA1_Stream3_IRQHandler
                         0x800'1a41            Code  Wk  startup_stm32f407xx.o [1]
DMA1_Stream4_IRQHandler
                         0x800'1a45            Code  Wk  startup_stm32f407xx.o [1]
DMA1_Stream5_IRQHandler
                         0x800'1a49            Code  Wk  startup_stm32f407xx.o [1]
DMA1_Stream6_IRQHandler
                         0x800'1a4d            Code  Wk  startup_stm32f407xx.o [1]
DMA1_Stream7_IRQHandler
                         0x800'1ac5            Code  Wk  startup_stm32f407xx.o [1]
DMA2_Stream0_IRQHandler
                         0x800'1ae9            Code  Wk  startup_stm32f407xx.o [1]
DMA2_Stream1_IRQHandler
                         0x800'1aed            Code  Wk  startup_stm32f407xx.o [1]
DMA2_Stream2_IRQHandler
                         0x800'1af1            Code  Wk  startup_stm32f407xx.o [1]
DMA2_Stream3_IRQHandler
                         0x800'1af5            Code  Wk  startup_stm32f407xx.o [1]
DMA2_Stream4_IRQHandler
                         0x800'1af9            Code  Wk  startup_stm32f407xx.o [1]
DMA2_Stream5_IRQHandler
                         0x800'1b19            Code  Wk  startup_stm32f407xx.o [1]
DMA2_Stream6_IRQHandler
                         0x800'1b1d            Code  Wk  startup_stm32f407xx.o [1]
DMA2_Stream7_IRQHandler
                         0x800'1b21            Code  Wk  startup_stm32f407xx.o [1]
DWT_Delay                0x800'131d      0x1c  Code  Gb  dwt_delay.o [3]
DWT_Init                 0x800'12fd      0x20  Code  Gb  dwt_delay.o [3]
DebugMon_Handler         0x800'19d9       0x2  Code  Gb  stm32f4xx_it.o [2]
ETH_IRQHandler           0x800'1afd            Code  Wk  startup_stm32f407xx.o [1]
ETH_WKUP_IRQHandler      0x800'1b01            Code  Wk  startup_stm32f407xx.o [1]
EXTI0_IRQHandler         0x800'1a21            Code  Wk  startup_stm32f407xx.o [1]
EXTI15_10_IRQHandler     0x800'1aa9            Code  Wk  startup_stm32f407xx.o [1]
EXTI1_IRQHandler         0x800'1a25            Code  Wk  startup_stm32f407xx.o [1]
EXTI2_IRQHandler         0x800'1a29            Code  Wk  startup_stm32f407xx.o [1]
EXTI3_IRQHandler         0x800'1a2d            Code  Wk  startup_stm32f407xx.o [1]
EXTI4_IRQHandler         0x800'1a31            Code  Wk  startup_stm32f407xx.o [1]
EXTI9_5_IRQHandler       0x800'1a65            Code  Wk  startup_stm32f407xx.o [1]
Error_Handler            0x800'117f       0x4  Code  Gb  main.o [2]
FLASH_IRQHandler         0x800'1a19            Code  Wk  startup_stm32f407xx.o [1]
FPU_IRQHandler           0x800'1b49            Code  Wk  startup_stm32f407xx.o [1]
FSMC_IRQHandler          0x800'1ac9            Code  Wk  startup_stm32f407xx.o [1]
HAL_GPIO_Init            0x800'0949     0x1d6  Code  Gb  stm32f4xx_hal_gpio.o [5]
HAL_GPIO_ReadPin         0x800'0b1f       0xc  Code  Gb  stm32f4xx_hal_gpio.o [5]
HAL_GPIO_WritePin        0x800'0b2b       0x8  Code  Gb  stm32f4xx_hal_gpio.o [5]
HAL_GetTick              0x800'093d       0xc  Code  Wk  stm32f4xx_hal.o [5]
HAL_IncTick              0x800'19e1      0x10  Code  Wk  stm32f4xx_hal.o [5]
HAL_Init                 0x800'1185      0x30  Code  Gb  stm32f4xx_hal.o [5]
HAL_InitTick             0x800'1739      0x40  Code  Wk  stm32f4xx_hal.o [5]
HAL_MspInit              0x800'0849      0x34  Code  Gb  stm32f4xx_hal_msp.o [2]
HAL_NVIC_SetPriority     0x800'16c5      0x3a  Code  Gb  stm32f4xx_hal_cortex.o [5]
HAL_NVIC_SetPriorityGrouping
                         0x800'16ab      0x1a  Code  Gb  stm32f4xx_hal_cortex.o [5]
HAL_RCC_ClockConfig      0x800'1545     0x100  Code  Gb  stm32f4xx_hal_rcc.o [5]
HAL_RCC_GetPCLK1Freq     0x800'1651      0x10  Code  Gb  stm32f4xx_hal_rcc.o [5]
HAL_RCC_GetPCLK2Freq     0x800'1661       0xe  Code  Gb  stm32f4xx_hal_rcc.o [5]
HAL_RCC_GetSysClockFreq
                         0x800'1889      0x60  Code  Wk  stm32f4xx_hal_rcc.o [5]
HAL_RCC_OscConfig        0x800'0c59     0x320  Code  Wk  stm32f4xx_hal_rcc.o [5]
HAL_SPI_Init             0x800'0189      0xb6  Code  Gb  stm32f4xx_hal_spi.o [5]
HAL_SPI_MspInit          0x800'087d      0x3a  Code  Gb  stm32f4xx_hal_msp.o [2]
HAL_SPI_Receive          0x800'037f     0x13e  Code  Gb  stm32f4xx_hal_spi.o [5]
HAL_SPI_Transmit         0x800'023f     0x140  Code  Gb  stm32f4xx_hal_spi.o [5]
HAL_SPI_TransmitReceive
                         0x800'04c9     0x1b0  Code  Gb  stm32f4xx_hal_spi.o [5]
HAL_SYSTICK_Config       0x800'16ff      0x22  Code  Gb  stm32f4xx_hal_cortex.o [5]
HAL_UART_Init            0x800'11b9      0x1e  Code  Gb  stm32f4xx_hal_uart.o [5]
HAL_UART_MspInit         0x800'08b7      0x3a  Code  Gb  stm32f4xx_hal_msp.o [2]
HASH_RNG_IRQHandler      0x800'1b45            Code  Wk  startup_stm32f407xx.o [1]
HardFault_Handler        0x800'19cf       0x2  Code  Gb  stm32f4xx_it.o [2]
I2C1_ER_IRQHandler       0x800'1a89            Code  Wk  startup_stm32f407xx.o [1]
I2C1_EV_IRQHandler       0x800'1a85            Code  Wk  startup_stm32f407xx.o [1]
I2C2_ER_IRQHandler       0x800'1a91            Code  Wk  startup_stm32f407xx.o [1]
I2C2_EV_IRQHandler       0x800'1a8d            Code  Wk  startup_stm32f407xx.o [1]
I2C3_ER_IRQHandler       0x800'1b2d            Code  Wk  startup_stm32f407xx.o [1]
I2C3_EV_IRQHandler       0x800'1b29            Code  Wk  startup_stm32f407xx.o [1]
MemManage_Handler        0x800'19d1       0x2  Code  Gb  stm32f4xx_it.o [2]
NMI_Handler              0x800'19cd       0x2  Code  Gb  stm32f4xx_it.o [2]
OTG_FS_IRQHandler        0x800'1b15            Code  Wk  startup_stm32f407xx.o [1]
OTG_FS_WKUP_IRQHandler   0x800'1ab1            Code  Wk  startup_stm32f407xx.o [1]
OTG_HS_EP1_IN_IRQHandler
                         0x800'1b35            Code  Wk  startup_stm32f407xx.o [1]
OTG_HS_EP1_OUT_IRQHandler
                         0x800'1b31            Code  Wk  startup_stm32f407xx.o [1]
OTG_HS_IRQHandler        0x800'1b3d            Code  Wk  startup_stm32f407xx.o [1]
OTG_HS_WKUP_IRQHandler   0x800'1b39            Code  Wk  startup_stm32f407xx.o [1]
PVD_IRQHandler           0x800'1a0d            Code  Wk  startup_stm32f407xx.o [1]
PendSV_Handler           0x800'19db       0x2  Code  Gb  stm32f4xx_it.o [2]
RCC_IRQHandler           0x800'1a1d            Code  Wk  startup_stm32f407xx.o [1]
RTC_Alarm_IRQHandler     0x800'1aad            Code  Wk  startup_stm32f407xx.o [1]
RTC_WKUP_IRQHandler      0x800'1a15            Code  Wk  startup_stm32f407xx.o [1]
Region$$Table$$Base      0x800'1938             --   Gb  - Linker created -
Region$$Table$$Limit     0x800'1948             --   Gb  - Linker created -
Reset_Handler            0x800'19f1            Code  Wk  startup_stm32f407xx.o [1]
SDIO_IRQHandler          0x800'1acd            Code  Wk  startup_stm32f407xx.o [1]
SPI1_IRQHandler          0x800'1a95            Code  Wk  startup_stm32f407xx.o [1]
SPI2_IRQHandler          0x800'1a99            Code  Wk  startup_stm32f407xx.o [1]
SPI3_IRQHandler          0x800'1ad5            Code  Wk  startup_stm32f407xx.o [1]
SPI_EndRxTransaction     0x800'0793      0x50  Code  Lc  stm32f4xx_hal_spi.o [5]
SPI_EndRxTxTransaction   0x800'07e3      0x50  Code  Lc  stm32f4xx_hal_spi.o [5]
SPI_WaitFlagStateUntilTimeout
                         0x800'06d3      0xb4  Code  Lc  stm32f4xx_hal_spi.o [5]
SVC_Handler              0x800'19d7       0x2  Code  Gb  stm32f4xx_it.o [2]
SysTick_Handler          0x800'19dd       0x4  Code  Gb  stm32f4xx_it.o [2]
SystemClock_Config       0x800'10bb      0x98  Code  Gb  main.o [2]
SystemCoreClock         0x2001'd590       0x4  Data  Gb  system_stm32f4xx.o [4]
SystemInit               0x800'1949       0xc  Code  Gb  system_stm32f4xx.o [4]
TAMP_STAMP_IRQHandler    0x800'1a11            Code  Wk  startup_stm32f407xx.o [1]
TIM1_BRK_TIM9_IRQHandler
                         0x800'1a69            Code  Wk  startup_stm32f407xx.o [1]
TIM1_CC_IRQHandler       0x800'1a75            Code  Wk  startup_stm32f407xx.o [1]
TIM1_TRG_COM_TIM11_IRQHandler
                         0x800'1a71            Code  Wk  startup_stm32f407xx.o [1]
TIM1_UP_TIM10_IRQHandler
                         0x800'1a6d            Code  Wk  startup_stm32f407xx.o [1]
TIM2_IRQHandler          0x800'1a79            Code  Wk  startup_stm32f407xx.o [1]
TIM3_IRQHandler          0x800'1a7d            Code  Wk  startup_stm32f407xx.o [1]
TIM4_IRQHandler          0x800'1a81            Code  Wk  startup_stm32f407xx.o [1]
TIM5_IRQHandler          0x800'1ad1            Code  Wk  startup_stm32f407xx.o [1]
TIM6_DAC_IRQHandler      0x800'1ae1            Code  Wk  startup_stm32f407xx.o [1]
TIM7_IRQHandler          0x800'1ae5            Code  Wk  startup_stm32f407xx.o [1]
TIM8_BRK_TIM12_IRQHandler
                         0x800'1ab5            Code  Wk  startup_stm32f407xx.o [1]
TIM8_CC_IRQHandler       0x800'1ac1            Code  Wk  startup_stm32f407xx.o [1]
TIM8_TRG_COM_TIM14_IRQHandler
                         0x800'1abd            Code  Wk  startup_stm32f407xx.o [1]
TIM8_UP_TIM13_IRQHandler
                         0x800'1ab9            Code  Wk  startup_stm32f407xx.o [1]
UART4_IRQHandler         0x800'1ad9            Code  Wk  startup_stm32f407xx.o [1]
UART5_IRQHandler         0x800'1add            Code  Wk  startup_stm32f407xx.o [1]
UART_SetConfig           0x800'1233      0xb0  Code  Lc  stm32f4xx_hal_uart.o [5]
USART1_IRQHandler        0x800'1a9d            Code  Wk  startup_stm32f407xx.o [1]
USART2_IRQHandler        0x800'1aa1            Code  Wk  startup_stm32f407xx.o [1]
USART3_IRQHandler        0x800'1aa5            Code  Wk  startup_stm32f407xx.o [1]
USART6_IRQHandler        0x800'1b25            Code  Wk  startup_stm32f407xx.o [1]
UsageFault_Handler       0x800'19d5       0x2  Code  Gb  stm32f4xx_it.o [2]
Voltage_Convert_aray     0x800'14f9      0x44  Code  Gb  ads1256.o [3]
WWDG_IRQHandler          0x800'1a09            Code  Wk  startup_stm32f407xx.o [1]
__NVIC_SetPriority       0x800'1691      0x1a  Code  Lc  stm32f4xx_hal_cortex.o [5]
__aeabi_ldiv0            0x800'18e9            Code  Gb  I64DivZer.o [8]
__aeabi_memset           0x800'0b75            Code  Gb  ABImemset.o [8]
__cmain                  0x800'1969            Code  Gb  cmain.o [8]
__exit                   0x800'199d      0x14  Code  Gb  exit.o [9]
__iar_Memset             0x800'0b75            Code  Gb  ABImemset.o [8]
__iar_Memset_word        0x800'0b7d            Code  Gb  ABImemset.o [8]
__iar_data_init3         0x800'18ed      0x28  Code  Gb  data_init.o [8]
__iar_init_vfp           0x800'1915            Code  Gb  fpinit_M.o [7]
__iar_lz77_init_single3
                         0x800'0bdb      0x7e  Code  Gb  lz77_init_single.o [8]
__iar_program_start      0x800'19b1            Code  Gb  cstartup_M.o [8]
__iar_small_uldivmod     0x800'1779            Code  Gb  I64DivMod_small.o [8]
__low_level_init         0x800'1987       0x4  Code  Gb  low_level_init.o [6]
__vector_table           0x800'0000            Data  Gb  startup_stm32f407xx.o [1]
_call_main               0x800'1975            Code  Gb  cmain.o [8]
_exit                    0x800'1991            Code  Gb  cexit.o [8]
ads                     0x2000'0000      0x1c  Data  Gb  main.o [2]
clock                    0x800'187f       0xa  Code  Gb  clock.o [9]
currentTime             0x2001'd580       0x4  Data  Gb  main.o [2]
delayus                  0x800'1365       0x4  Code  Gb  ads1256.o [3]
exit                     0x800'198b       0x4  Code  Gb  exit.o [6]
hspi1                   0x2000'001c      0x58  Data  Gb  main.o [2]
huart4                  0x2000'0074      0x44  Data  Gb  main.o [2]
main                     0x800'0f79     0x142  Code  Gb  main.o [2]
memset                   0x800'0b61      0x14  Code  Gb  memset.o [8]
numOfMeasure            0x2000'00b8       0x4  Data  Gb  main.o [2]
read                    0x2000'00bc       0x1  Data  Gb  main.o [2]
readByteFromReg          0x800'13ab      0x22  Code  Gb  ads1256.o [3]
recieve8bit              0x800'1381      0x18  Code  Gb  ads1256.o [3]
scanDIFFChannelContinuous
                         0x800'1453      0x82  Code  Gb  ads1256.o [3]
send8bit                 0x800'1369      0x18  Code  Gb  ads1256.o [3]
setDIFFChannel           0x800'1421       0xa  Code  Gb  ads1256.o [3]
setDataRate              0x800'1437       0xa  Code  Gb  ads1256.o [3]
setPGA                   0x800'142f       0x8  Code  Gb  ads1256.o [3]
uwTick                  0x2001'd588       0x4  Data  Gb  stm32f4xx_hal.o [5]
uwTickFreq              0x2001'd584       0x1  Data  Gb  stm32f4xx_hal.o [5]
uwTickPrio              0x2001'd58c       0x4  Data  Gb  stm32f4xx_hal.o [5]
val                     0x2000'00c0  0x1'd4c0  Data  Gb  main.o [2]
waitDRDY                 0x800'1399      0x12  Code  Gb  ads1256.o [3]
writeByteToReg           0x800'13cd      0x1c  Code  Gb  ads1256.o [3]
writeCMD                 0x800'1405      0x1c  Code  Gb  ads1256.o [3]


[1] = C:\Users\PC\Desktop\last ADS\last ads\EWARM\ADS\Obj\Application\EWARM
[2] = C:\Users\PC\Desktop\last ADS\last ads\EWARM\ADS\Obj\Application\User\Core
[3] = C:\Users\PC\Desktop\last ADS\last ads\EWARM\ADS\Obj\Application\User\Core\ads
[4] = C:\Users\PC\Desktop\last ADS\last ads\EWARM\ADS\Obj\Drivers\CMSIS
[5] = C:\Users\PC\Desktop\last ADS\last ads\EWARM\ADS\Obj\Drivers\STM32F4xx_HAL_Driver
[6] = dl7M_tlf.a
[7] = m7M_tls.a
[8] = rt7M_tl.a
[9] = shb_l.a

    6'962 bytes of readonly  code memory
    1'372 bytes of readonly  data memory
  121'236 bytes of readwrite data memory

Errors: none
Warnings: none
